%!Adobe-FontList 1.20
%Locale:0x412

%BeginFont
Handler:DirectoryHandler
FontType:Invalid
OutlineFileName:E:\전예린\포폴02\Font\butler.zip
FileModTime:1655879778
%EndFont

%BeginFont
Handler:DirectoryHandler
FontType:Invalid
OutlineFileName:E:\전예린\포폴02\Font\Butler_ButlerStencil_FontLicense_v1_0.pdf
FileModTime:1581351870
%EndFont

%BeginFont
Handler:DirectoryHandler
FontType:Invalid
OutlineFileName:E:\전예린\포폴02\Font\Butler_Webfont\Butler-Black.woff
FileModTime:1581351870
%EndFont

%BeginFont
Handler:DirectoryHandler
FontType:Invalid
OutlineFileName:E:\전예린\포폴02\Font\Butler_Webfont\Butler-Black.woff2
FileModTime:1581351870
%EndFont

%BeginFont
Handler:DirectoryHandler
FontType:Invalid
OutlineFileName:E:\전예린\포폴02\Font\Butler_Webfont\Butler-Bold.woff
FileModTime:1581351870
%EndFont

%BeginFont
Handler:DirectoryHandler
FontType:Invalid
OutlineFileName:E:\전예린\포폴02\Font\Butler_Webfont\Butler-Bold.woff2
FileModTime:1581351870
%EndFont

%BeginFont
Handler:DirectoryHandler
FontType:Invalid
OutlineFileName:E:\전예린\포폴02\Font\Butler_Webfont\Butler-ExtraBold.woff
FileModTime:1581351870
%EndFont

%BeginFont
Handler:DirectoryHandler
FontType:Invalid
OutlineFileName:E:\전예린\포폴02\Font\Butler_Webfont\Butler-ExtraBold.woff2
FileModTime:1581351870
%EndFont

%BeginFont
Handler:DirectoryHandler
FontType:Invalid
OutlineFileName:E:\전예린\포폴02\Font\Butler_Webfont\Butler-Light.woff
FileModTime:1581351870
%EndFont

%BeginFont
Handler:DirectoryHandler
FontType:Invalid
OutlineFileName:E:\전예린\포폴02\Font\Butler_Webfont\Butler-Light.woff2
FileModTime:1581351870
%EndFont

%BeginFont
Handler:DirectoryHandler
FontType:Invalid
OutlineFileName:E:\전예린\포폴02\Font\Butler_Webfont\Butler-Medium.woff
FileModTime:1581351870
%EndFont

%BeginFont
Handler:DirectoryHandler
FontType:Invalid
OutlineFileName:E:\전예린\포폴02\Font\Butler_Webfont\Butler-Medium.woff2
FileModTime:1581351870
%EndFont

%BeginFont
Handler:DirectoryHandler
FontType:Invalid
OutlineFileName:E:\전예린\포폴02\Font\Butler_Webfont\Butler-UltraLight.woff
FileModTime:1581351870
%EndFont

%BeginFont
Handler:DirectoryHandler
FontType:Invalid
OutlineFileName:E:\전예린\포폴02\Font\Butler_Webfont\Butler-UltraLight.woff2
FileModTime:1581351870
%EndFont

%BeginFont
Handler:DirectoryHandler
FontType:Invalid
OutlineFileName:E:\전예린\포폴02\Font\Butler_Webfont\Butler.woff
FileModTime:1581351870
%EndFont

%BeginFont
Handler:DirectoryHandler
FontType:Invalid
OutlineFileName:E:\전예린\포폴02\Font\Butler_Webfont\Butler.woff2
FileModTime:1581351870
%EndFont

%BeginFont
Handler:DirectoryHandler
FontType:Invalid
OutlineFileName:E:\전예린\포폴02\Font\Butler_Webfont\demo.html
FileModTime:1581351870
%EndFont

%BeginFont
Handler:DirectoryHandler
FontType:Invalid
OutlineFileName:E:\전예린\포폴02\Font\Butler_Webfont\stylesheet.css
FileModTime:1581351870
%EndFont

%BeginFont
Handler:DirectoryHandler
FontType:Invalid
OutlineFileName:E:\전예린\포폴02\Font\Butler_Stencil_Webfont\ButlerStencil-Black.woff
FileModTime:1581351871
%EndFont

%BeginFont
Handler:DirectoryHandler
FontType:Invalid
OutlineFileName:E:\전예린\포폴02\Font\Butler_Stencil_Webfont\ButlerStencil-Black.woff2
FileModTime:1581351871
%EndFont

%BeginFont
Handler:DirectoryHandler
FontType:Invalid
OutlineFileName:E:\전예린\포폴02\Font\Butler_Stencil_Webfont\ButlerStencil-Bold.woff
FileModTime:1581351871
%EndFont

%BeginFont
Handler:DirectoryHandler
FontType:Invalid
OutlineFileName:E:\전예린\포폴02\Font\Butler_Stencil_Webfont\ButlerStencil-Bold.woff2
FileModTime:1581351871
%EndFont

%BeginFont
Handler:DirectoryHandler
FontType:Invalid
OutlineFileName:E:\전예린\포폴02\Font\Butler_Stencil_Webfont\ButlerStencil-ExtraBold.woff
FileModTime:1581351871
%EndFont

%BeginFont
Handler:DirectoryHandler
FontType:Invalid
OutlineFileName:E:\전예린\포폴02\Font\Butler_Stencil_Webfont\ButlerStencil-ExtraBold.woff2
FileModTime:1581351871
%EndFont

%BeginFont
Handler:DirectoryHandler
FontType:Invalid
OutlineFileName:E:\전예린\포폴02\Font\Butler_Stencil_Webfont\ButlerStencil-Light.woff
FileModTime:1581351871
%EndFont

%BeginFont
Handler:DirectoryHandler
FontType:Invalid
OutlineFileName:E:\전예린\포폴02\Font\Butler_Stencil_Webfont\ButlerStencil-Light.woff2
FileModTime:1581351871
%EndFont

%BeginFont
Handler:DirectoryHandler
FontType:Invalid
OutlineFileName:E:\전예린\포폴02\Font\Butler_Stencil_Webfont\ButlerStencil-Medium.woff
FileModTime:1581351871
%EndFont

%BeginFont
Handler:DirectoryHandler
FontType:Invalid
OutlineFileName:E:\전예린\포폴02\Font\Butler_Stencil_Webfont\ButlerStencil-Medium.woff2
FileModTime:1581351871
%EndFont

%BeginFont
Handler:DirectoryHandler
FontType:Invalid
OutlineFileName:E:\전예린\포폴02\Font\Butler_Stencil_Webfont\ButlerStencil-UltraLight.woff
FileModTime:1581351871
%EndFont

%BeginFont
Handler:DirectoryHandler
FontType:Invalid
OutlineFileName:E:\전예린\포폴02\Font\Butler_Stencil_Webfont\ButlerStencil-UltraLight.woff2
FileModTime:1581351871
%EndFont

%BeginFont
Handler:DirectoryHandler
FontType:Invalid
OutlineFileName:E:\전예린\포폴02\Font\Butler_Stencil_Webfont\ButlerStencil.woff
FileModTime:1581351871
%EndFont

%BeginFont
Handler:DirectoryHandler
FontType:Invalid
OutlineFileName:E:\전예린\포폴02\Font\Butler_Stencil_Webfont\ButlerStencil.woff2
FileModTime:1581351871
%EndFont

%BeginFont
Handler:DirectoryHandler
FontType:Invalid
OutlineFileName:E:\전예린\포폴02\Font\Butler_Stencil_Webfont\demo.html
FileModTime:1581351871
%EndFont

%BeginFont
Handler:DirectoryHandler
FontType:Invalid
OutlineFileName:E:\전예린\포폴02\Font\Butler_Stencil_Webfont\stylesheet.css
FileModTime:1581351871
%EndFont

%BeginFont
Handler:DirectoryHandler
FontType:Type1
FontName:ButlerStencil-Black
FamilyName:Butler Stencil
StyleName:Black
FullName:Butler Stencil Black
MenuName:Butler Stencil
StyleBits:0
WritingScript:Roman
OutlineFileName:E:\전예린\포폴02\Font\Butler_Stencil\Butler_Black_Stencil.otf
DataFormat:sfntData
UsesStandardEncoding:yes
isCFF:yes
hasSVG:no
VariableFontType:NonVariableFont
FileLength:44824
FileModTime:1581352664
WeightClass:900
WidthClass:5
AngleClass:0
NameArray:0,Mac,4,Butler Stencil Black
NameArray:0,Win,1,Butler Stencil
%EndFont

%BeginFont
Handler:DirectoryHandler
FontType:Type1
FontName:ButlerStencil-Bold
FamilyName:Butler Stencil
StyleName:Bold
FullName:Butler Stencil Bold
MenuName:Butler Stencil
StyleBits:0
WritingScript:Roman
OutlineFileName:E:\전예린\포폴02\Font\Butler_Stencil\Butler_Bold_Stencil.otf
DataFormat:sfntData
UsesStandardEncoding:yes
isCFF:yes
hasSVG:no
VariableFontType:NonVariableFont
FileLength:45236
FileModTime:1581352665
WeightClass:700
WidthClass:5
AngleClass:0
NameArray:0,Mac,4,Butler Stencil Bold
NameArray:0,Win,1,Butler Stencil
%EndFont

%BeginFont
Handler:DirectoryHandler
FontType:Type1
FontName:ButlerStencil-ExtraBold
FamilyName:Butler Stencil
StyleName:ExtraBold
FullName:Butler Stencil ExtraBold
MenuName:Butler Stencil
StyleBits:0
WritingScript:Roman
OutlineFileName:E:\전예린\포폴02\Font\Butler_Stencil\Butler_ExtraBold_Stencil.otf
DataFormat:sfntData
UsesStandardEncoding:yes
isCFF:yes
hasSVG:no
VariableFontType:NonVariableFont
FileLength:46324
FileModTime:1581352666
WeightClass:800
WidthClass:5
AngleClass:0
NameArray:0,Mac,4,Butler Stencil ExtraBold
NameArray:0,Win,1,Butler Stencil
%EndFont

%BeginFont
Handler:DirectoryHandler
FontType:Type1
FontName:ButlerStencil-Light
FamilyName:Butler Stencil
StyleName:Light
FullName:Butler Stencil Light
MenuName:Butler Stencil
StyleBits:0
WritingScript:Roman
OutlineFileName:E:\전예린\포폴02\Font\Butler_Stencil\Butler_Light_Stencil.otf
DataFormat:sfntData
UsesStandardEncoding:yes
isCFF:yes
hasSVG:no
VariableFontType:NonVariableFont
FileLength:46060
FileModTime:1581352666
WeightClass:300
WidthClass:5
AngleClass:0
NameArray:0,Mac,4,Butler Stencil Light
NameArray:0,Win,1,Butler Stencil
%EndFont

%BeginFont
Handler:DirectoryHandler
FontType:Type1
FontName:ButlerStencil-Medium
FamilyName:Butler Stencil
StyleName:Medium
FullName:Butler Stencil Medium
MenuName:Butler Stencil
StyleBits:0
WritingScript:Roman
OutlineFileName:E:\전예린\포폴02\Font\Butler_Stencil\Butler_Medium_Stencil.otf
DataFormat:sfntData
UsesStandardEncoding:yes
isCFF:yes
hasSVG:no
VariableFontType:NonVariableFont
FileLength:46364
FileModTime:1581352667
WeightClass:500
WidthClass:5
AngleClass:0
NameArray:0,Mac,4,Butler Stencil Medium
NameArray:0,Win,1,Butler Stencil
%EndFont

%BeginFont
Handler:DirectoryHandler
FontType:Type1
FontName:ButlerStencil
FamilyName:Butler Stencil
StyleName:Regular
FullName:Butler Stencil
MenuName:Butler Stencil
StyleBits:0
WritingScript:Roman
OutlineFileName:E:\전예린\포폴02\Font\Butler_Stencil\Butler_Regular_Stencil.otf
DataFormat:sfntData
UsesStandardEncoding:yes
isCFF:yes
hasSVG:no
VariableFontType:NonVariableFont
FileLength:45888
FileModTime:1581352668
WeightClass:400
WidthClass:5
AngleClass:0
NameArray:0,Mac,4,Butler Stencil
NameArray:0,Win,1,Butler Stencil
%EndFont

%BeginFont
Handler:DirectoryHandler
FontType:Type1
FontName:ButlerStencil-UltraLight
FamilyName:Butler Stencil
StyleName:UltraLight
FullName:Butler Stencil UltraLight
MenuName:Butler Stencil
StyleBits:0
WritingScript:Roman
OutlineFileName:E:\전예린\포폴02\Font\Butler_Stencil\Butler_Ultra_Light_Stencil.otf
DataFormat:sfntData
UsesStandardEncoding:yes
isCFF:yes
hasSVG:no
VariableFontType:NonVariableFont
FileLength:43548
FileModTime:1581352669
WeightClass:250
WidthClass:5
AngleClass:0
NameArray:0,Mac,4,Butler Stencil UltraLight
NameArray:0,Win,1,Butler Stencil
%EndFont

%BeginFont
Handler:DirectoryHandler
FontType:Type1
FontName:Butler-Black
FamilyName:Butler
StyleName:Black
FullName:Butler Black
MenuName:Butler
StyleBits:0
WritingScript:Roman
OutlineFileName:E:\전예린\포폴02\Font\Butler\Butler_Black.otf
DataFormat:sfntData
UsesStandardEncoding:yes
isCFF:yes
hasSVG:no
VariableFontType:NonVariableFont
FileLength:45888
FileModTime:1581352464
WeightClass:900
WidthClass:5
AngleClass:0
NameArray:0,Mac,4,Butler Black
NameArray:0,Win,1,Butler
%EndFont

%BeginFont
Handler:DirectoryHandler
FontType:Type1
FontName:Butler-Bold
FamilyName:Butler
StyleName:Bold
FullName:Butler Bold
MenuName:Butler
StyleBits:0
WritingScript:Roman
OutlineFileName:E:\전예린\포폴02\Font\Butler\Butler_Bold.otf
DataFormat:sfntData
UsesStandardEncoding:yes
isCFF:yes
hasSVG:no
VariableFontType:NonVariableFont
FileLength:44648
FileModTime:1581352466
WeightClass:700
WidthClass:5
AngleClass:0
NameArray:0,Mac,4,Butler Bold
NameArray:0,Win,1,Butler
%EndFont

%BeginFont
Handler:DirectoryHandler
FontType:Type1
FontName:Butler-ExtraBold
FamilyName:Butler
StyleName:ExtraBold
FullName:Butler ExtraBold
MenuName:Butler
StyleBits:0
WritingScript:Roman
OutlineFileName:E:\전예린\포폴02\Font\Butler\Butler_ExtraBold.otf
DataFormat:sfntData
UsesStandardEncoding:yes
isCFF:yes
hasSVG:no
VariableFontType:NonVariableFont
FileLength:46856
FileModTime:1581352467
WeightClass:800
WidthClass:5
AngleClass:0
NameArray:0,Mac,4,Butler ExtraBold
NameArray:0,Win,1,Butler
%EndFont

%BeginFont
Handler:DirectoryHandler
FontType:Type1
FontName:Butler-Light
FamilyName:Butler
StyleName:Light
FullName:Butler Light
MenuName:Butler
StyleBits:0
WritingScript:Roman
OutlineFileName:E:\전예린\포폴02\Font\Butler\Butler_Light.otf
DataFormat:sfntData
UsesStandardEncoding:yes
isCFF:yes
hasSVG:no
VariableFontType:NonVariableFont
FileLength:46332
FileModTime:1581352467
WeightClass:300
WidthClass:5
AngleClass:0
NameArray:0,Mac,4,Butler Light
NameArray:0,Win,1,Butler
%EndFont

%BeginFont
Handler:DirectoryHandler
FontType:Type1
FontName:Butler-Medium
FamilyName:Butler
StyleName:Medium
FullName:Butler Medium
MenuName:Butler
StyleBits:0
WritingScript:Roman
OutlineFileName:E:\전예린\포폴02\Font\Butler\Butler_Medium.otf
DataFormat:sfntData
UsesStandardEncoding:yes
isCFF:yes
hasSVG:no
VariableFontType:NonVariableFont
FileLength:47156
FileModTime:1581352468
WeightClass:500
WidthClass:5
AngleClass:0
NameArray:0,Mac,4,Butler Medium
NameArray:0,Win,1,Butler
%EndFont

%BeginFont
Handler:DirectoryHandler
FontType:Type1
FontName:Butler
FamilyName:Butler
StyleName:Regular
FullName:Butler
MenuName:Butler
StyleBits:0
WritingScript:Roman
OutlineFileName:E:\전예린\포폴02\Font\Butler\Butler_Regular.otf
DataFormat:sfntData
UsesStandardEncoding:yes
isCFF:yes
hasSVG:no
VariableFontType:NonVariableFont
FileLength:46168
FileModTime:1581352469
WeightClass:400
WidthClass:5
AngleClass:0
NameArray:0,Mac,4,Butler
NameArray:0,Win,1,Butler
%EndFont

%BeginFont
Handler:DirectoryHandler
FontType:Type1
FontName:Butler-UltraLight
FamilyName:Butler
StyleName:UltraLight
FullName:Butler UltraLight
MenuName:Butler
StyleBits:0
WritingScript:Roman
OutlineFileName:E:\전예린\포폴02\Font\Butler\Butler_Ultra_Light.otf
DataFormat:sfntData
UsesStandardEncoding:yes
isCFF:yes
hasSVG:no
VariableFontType:NonVariableFont
FileLength:43548
FileModTime:1581352470
WeightClass:250
WidthClass:5
AngleClass:0
NameArray:0,Mac,4,Butler UltraLight
NameArray:0,Win,1,Butler
%EndFont

